MPLINK 5.09, LINKER
Linker Map File - Created Thu Jan 06 19:42:37 2022

                                 Section Info
                  Section       Type    Address   Location Size(Bytes)
                ---------  ---------  ---------  ---------  ---------
                   .org_0       code   0x000000    program   0x000280
                   .cinit    romdata   0x000140    program   0x000004
.config_2007_BUILD/DEFAULT/PRODUCTION/MAIN.O       code   0x002007    program   0x000002



                              Program Memory Usage 
                               Start         End      
                           ---------   ---------      
                            0x000000    0x000141      
                            0x002007    0x002007      
            323 out of 8454 program addresses used, program memory utilization is 3%



                              Symbols - Sorted by Name
                     Name    Address   Location    Storage File                     
                ---------  ---------  ---------  --------- ---------                
              Delay_100ms   0x00001e    program     static C:\Users\mesut\MPLABXProjects\Lab07.X\Delay.inc
              Delay_125us   0x000001    program     static C:\Users\mesut\MPLABXProjects\Lab07.X\Delay.inc
                Delay_1ms   0x000006    program     static C:\Users\mesut\MPLABXProjects\Lab07.X\Delay.inc
                 Delay_1s   0x000030    program     static C:\Users\mesut\MPLABXProjects\Lab07.X\Delay.inc
               Delay_20ms   0x000012    program     static C:\Users\mesut\MPLABXProjects\Lab07.X\Delay.inc
              Delay_250ms   0x000024    program     static C:\Users\mesut\MPLABXProjects\Lab07.X\Delay.inc
              Delay_500ms   0x00002a    program     static C:\Users\mesut\MPLABXProjects\Lab07.X\Delay.inc
               Delay_50ms   0x000018    program     static C:\Users\mesut\MPLABXProjects\Lab07.X\Delay.inc
                Delay_5ms   0x00000c    program     static C:\Users\mesut\MPLABXProjects\Lab07.X\Delay.inc
           DisplayCounter   0x0000bd    program     static C:\Users\mesut\MPLABXProjects\Lab07.X\main.asm
                  END_FOR   0x000096    program     static C:\Users\mesut\MPLABXProjects\Lab07.X\main.asm
                   END_IF   0x0000ac    program     static C:\Users\mesut\MPLABXProjects\Lab07.X\main.asm
                END_WHILE   0x0000ac    program     static C:\Users\mesut\MPLABXProjects\Lab07.X\main.asm
                  GetCode   0x0000ac    program     static C:\Users\mesut\MPLABXProjects\Lab07.X\main.asm
        LABEL_100ms_DELAY   0x000020    program     static C:\Users\mesut\MPLABXProjects\Lab07.X\Delay.inc
        LABEL_125us_DELAY   0x000003    program     static C:\Users\mesut\MPLABXProjects\Lab07.X\Delay.inc
          LABEL_1ms_DELAY   0x000008    program     static C:\Users\mesut\MPLABXProjects\Lab07.X\Delay.inc
           LABEL_1s_DELAY   0x000032    program     static C:\Users\mesut\MPLABXProjects\Lab07.X\Delay.inc
         LABEL_20ms_DELAY   0x000014    program     static C:\Users\mesut\MPLABXProjects\Lab07.X\Delay.inc
        LABEL_250ms_DELAY   0x000026    program     static C:\Users\mesut\MPLABXProjects\Lab07.X\Delay.inc
        LABEL_500ms_DELAY   0x00002c    program     static C:\Users\mesut\MPLABXProjects\Lab07.X\Delay.inc
         LABEL_50ms_DELAY   0x00001a    program     static C:\Users\mesut\MPLABXProjects\Lab07.X\Delay.inc
          LABEL_5ms_DELAY   0x00000e    program     static C:\Users\mesut\MPLABXProjects\Lab07.X\Delay.inc
                LCD_Clear   0x000057    program     static C:\Users\mesut\MPLABXProjects\Lab07.X\LcdLib.inc
           LCD_Initialize   0x000036    program     static C:\Users\mesut\MPLABXProjects\Lab07.X\LcdLib.inc
LCD_MoveCursor2SecondLine   0x00005b    program     static C:\Users\mesut\MPLABXProjects\Lab07.X\LcdLib.inc
                 LCD_Send   0x00004c    program     static C:\Users\mesut\MPLABXProjects\Lab07.X\LcdLib.inc
            LCD_Send_Char   0x000053    program     static C:\Users\mesut\MPLABXProjects\Lab07.X\LcdLib.inc
         LCD_Send_Command   0x00004f    program     static C:\Users\mesut\MPLABXProjects\Lab07.X\LcdLib.inc
         LCD_Send_Trigger   0x00005e    program     static C:\Users\mesut\MPLABXProjects\Lab07.X\LcdLib.inc
                     LOOP   0x00013f    program     static C:\Users\mesut\MPLABXProjects\Lab07.X\main.asm
                     MAIN   0x00006c    program     static C:\Users\mesut\MPLABXProjects\Lab07.X\main.asm
                  NEXT_IF   0x00009e    program     static C:\Users\mesut\MPLABXProjects\Lab07.X\main.asm
                NEXT_TEXT   0x0000fc    program     static C:\Users\mesut\MPLABXProjects\Lab07.X\main.asm
             _.org_0_013F   0x00013f    program     static C:\Users\mesut\MPLABXProjects\Lab07.X\main.asm
                     _FOR   0x000084    program     static C:\Users\mesut\MPLABXProjects\Lab07.X\main.asm
                      _IF   0x000098    program     static C:\Users\mesut\MPLABXProjects\Lab07.X\main.asm
                   _WHILE   0x000081    program     static C:\Users\mesut\MPLABXProjects\Lab07.X\main.asm



                              Symbols - Sorted by Address
                     Name    Address   Location    Storage File                     
                ---------  ---------  ---------  --------- ---------                
              Delay_125us   0x000001    program     static C:\Users\mesut\MPLABXProjects\Lab07.X\Delay.inc
        LABEL_125us_DELAY   0x000003    program     static C:\Users\mesut\MPLABXProjects\Lab07.X\Delay.inc
                Delay_1ms   0x000006    program     static C:\Users\mesut\MPLABXProjects\Lab07.X\Delay.inc
          LABEL_1ms_DELAY   0x000008    program     static C:\Users\mesut\MPLABXProjects\Lab07.X\Delay.inc
                Delay_5ms   0x00000c    program     static C:\Users\mesut\MPLABXProjects\Lab07.X\Delay.inc
          LABEL_5ms_DELAY   0x00000e    program     static C:\Users\mesut\MPLABXProjects\Lab07.X\Delay.inc
               Delay_20ms   0x000012    program     static C:\Users\mesut\MPLABXProjects\Lab07.X\Delay.inc
         LABEL_20ms_DELAY   0x000014    program     static C:\Users\mesut\MPLABXProjects\Lab07.X\Delay.inc
               Delay_50ms   0x000018    program     static C:\Users\mesut\MPLABXProjects\Lab07.X\Delay.inc
         LABEL_50ms_DELAY   0x00001a    program     static C:\Users\mesut\MPLABXProjects\Lab07.X\Delay.inc
              Delay_100ms   0x00001e    program     static C:\Users\mesut\MPLABXProjects\Lab07.X\Delay.inc
        LABEL_100ms_DELAY   0x000020    program     static C:\Users\mesut\MPLABXProjects\Lab07.X\Delay.inc
              Delay_250ms   0x000024    program     static C:\Users\mesut\MPLABXProjects\Lab07.X\Delay.inc
        LABEL_250ms_DELAY   0x000026    program     static C:\Users\mesut\MPLABXProjects\Lab07.X\Delay.inc
              Delay_500ms   0x00002a    program     static C:\Users\mesut\MPLABXProjects\Lab07.X\Delay.inc
        LABEL_500ms_DELAY   0x00002c    program     static C:\Users\mesut\MPLABXProjects\Lab07.X\Delay.inc
                 Delay_1s   0x000030    program     static C:\Users\mesut\MPLABXProjects\Lab07.X\Delay.inc
           LABEL_1s_DELAY   0x000032    program     static C:\Users\mesut\MPLABXProjects\Lab07.X\Delay.inc
           LCD_Initialize   0x000036    program     static C:\Users\mesut\MPLABXProjects\Lab07.X\LcdLib.inc
                 LCD_Send   0x00004c    program     static C:\Users\mesut\MPLABXProjects\Lab07.X\LcdLib.inc
         LCD_Send_Command   0x00004f    program     static C:\Users\mesut\MPLABXProjects\Lab07.X\LcdLib.inc
            LCD_Send_Char   0x000053    program     static C:\Users\mesut\MPLABXProjects\Lab07.X\LcdLib.inc
                LCD_Clear   0x000057    program     static C:\Users\mesut\MPLABXProjects\Lab07.X\LcdLib.inc
LCD_MoveCursor2SecondLine   0x00005b    program     static C:\Users\mesut\MPLABXProjects\Lab07.X\LcdLib.inc
         LCD_Send_Trigger   0x00005e    program     static C:\Users\mesut\MPLABXProjects\Lab07.X\LcdLib.inc
                     MAIN   0x00006c    program     static C:\Users\mesut\MPLABXProjects\Lab07.X\main.asm
                   _WHILE   0x000081    program     static C:\Users\mesut\MPLABXProjects\Lab07.X\main.asm
                     _FOR   0x000084    program     static C:\Users\mesut\MPLABXProjects\Lab07.X\main.asm
                  END_FOR   0x000096    program     static C:\Users\mesut\MPLABXProjects\Lab07.X\main.asm
                      _IF   0x000098    program     static C:\Users\mesut\MPLABXProjects\Lab07.X\main.asm
                  NEXT_IF   0x00009e    program     static C:\Users\mesut\MPLABXProjects\Lab07.X\main.asm
                   END_IF   0x0000ac    program     static C:\Users\mesut\MPLABXProjects\Lab07.X\main.asm
                END_WHILE   0x0000ac    program     static C:\Users\mesut\MPLABXProjects\Lab07.X\main.asm
                  GetCode   0x0000ac    program     static C:\Users\mesut\MPLABXProjects\Lab07.X\main.asm
           DisplayCounter   0x0000bd    program     static C:\Users\mesut\MPLABXProjects\Lab07.X\main.asm
                NEXT_TEXT   0x0000fc    program     static C:\Users\mesut\MPLABXProjects\Lab07.X\main.asm
                     LOOP   0x00013f    program     static C:\Users\mesut\MPLABXProjects\Lab07.X\main.asm
             _.org_0_013F   0x00013f    program     static C:\Users\mesut\MPLABXProjects\Lab07.X\main.asm


