MPLINK 5.09, LINKER
Linker Map File - Created Thu Nov 18 18:58:36 2021

                                 Section Info
                  Section       Type    Address   Location Size(Bytes)
                ---------  ---------  ---------  ---------  ---------
                   .org_0       code   0x000000    program   0x000054
                   .cinit    romdata   0x00002a    program   0x000004
.config_2007_BUILD/DEFAULT/PRODUCTION/MAIN.O       code   0x002007    program   0x000002



                              Program Memory Usage 
                               Start         End      
                           ---------   ---------      
                            0x000000    0x00002b      
                            0x002007    0x002007      
            45 out of 8454 program addresses used, program memory utilization is 0%



                              Symbols - Sorted by Name
                     Name    Address   Location    Storage File                     
                ---------  ---------  ---------  --------- ---------                
          BUSY_LOOP_BEGIN   0x00001c    program     static C:\Users\mesut\MPLABXProjects\Lab03.X\main.asm
               Delay250ms   0x00001f    program     static C:\Users\mesut\MPLABXProjects\Lab03.X\main.asm
     Delay250ms_InnerLoop   0x000023    program     static C:\Users\mesut\MPLABXProjects\Lab03.X\main.asm
     Delay250ms_OuterLoop   0x000021    program     static C:\Users\mesut\MPLABXProjects\Lab03.X\main.asm
             _.org_0_0029   0x000029    program     static C:\Users\mesut\MPLABXProjects\Lab03.X\main.asm
                     lOOP   0x000029    program     static C:\Users\mesut\MPLABXProjects\Lab03.X\main.asm
               loop_begin   0x00000d    program     static C:\Users\mesut\MPLABXProjects\Lab03.X\main.asm
                loop_body   0x000011    program     static C:\Users\mesut\MPLABXProjects\Lab03.X\main.asm
                 loop_end   0x00001f    program     static C:\Users\mesut\MPLABXProjects\Lab03.X\main.asm



                              Symbols - Sorted by Address
                     Name    Address   Location    Storage File                     
                ---------  ---------  ---------  --------- ---------                
               loop_begin   0x00000d    program     static C:\Users\mesut\MPLABXProjects\Lab03.X\main.asm
                loop_body   0x000011    program     static C:\Users\mesut\MPLABXProjects\Lab03.X\main.asm
          BUSY_LOOP_BEGIN   0x00001c    program     static C:\Users\mesut\MPLABXProjects\Lab03.X\main.asm
               Delay250ms   0x00001f    program     static C:\Users\mesut\MPLABXProjects\Lab03.X\main.asm
                 loop_end   0x00001f    program     static C:\Users\mesut\MPLABXProjects\Lab03.X\main.asm
     Delay250ms_OuterLoop   0x000021    program     static C:\Users\mesut\MPLABXProjects\Lab03.X\main.asm
     Delay250ms_InnerLoop   0x000023    program     static C:\Users\mesut\MPLABXProjects\Lab03.X\main.asm
             _.org_0_0029   0x000029    program     static C:\Users\mesut\MPLABXProjects\Lab03.X\main.asm
                     lOOP   0x000029    program     static C:\Users\mesut\MPLABXProjects\Lab03.X\main.asm


