MPLINK 5.09, LINKER
Linker Map File - Created Thu Jan 06 20:31:44 2022

                                 Section Info
                  Section       Type    Address   Location Size(Bytes)
                ---------  ---------  ---------  ---------  ---------
                   .org_0       code   0x000000    program   0x000084
                   .cinit    romdata   0x000042    program   0x000004
.config_2007_BUILD/DEFAULT/PRODUCTION/MAIN.O       code   0x002007    program   0x000002



                              Program Memory Usage 
                               Start         End      
                           ---------   ---------      
                            0x000000    0x000043      
                            0x002007    0x002007      
            69 out of 8454 program addresses used, program memory utilization is 0%



                              Symbols - Sorted by Name
                     Name    Address   Location    Storage File                     
                ---------  ---------  ---------  --------- ---------                
         Decrement_Button   0x000014    program     static C:\Users\mesut\MPLABXProjects\Lab08.X\main.asm
     Delay100ms_InnerLoop   0x00002a    program     static C:\Users\mesut\MPLABXProjects\Lab08.X\main.asm
     Delay100ms_OuterLoop   0x000028    program     static C:\Users\mesut\MPLABXProjects\Lab08.X\main.asm
              Delay_100ms   0x000026    program     static C:\Users\mesut\MPLABXProjects\Lab08.X\main.asm
                END_WHILE   0x000026    program     static C:\Users\mesut\MPLABXProjects\Lab08.X\main.asm
                  GetCode   0x000030    program     static C:\Users\mesut\MPLABXProjects\Lab08.X\main.asm
         Increment_Button   0x00000b    program     static C:\Users\mesut\MPLABXProjects\Lab08.X\main.asm
                     LOOP   0x000041    program     static C:\Users\mesut\MPLABXProjects\Lab08.X\main.asm
           Next_Statement   0x000021    program     static C:\Users\mesut\MPLABXProjects\Lab08.X\main.asm
             Reset_Button   0x00001e    program     static C:\Users\mesut\MPLABXProjects\Lab08.X\main.asm
             _.org_0_0041   0x000041    program     static C:\Users\mesut\MPLABXProjects\Lab08.X\main.asm
                    _ELSE   0x000013    program     static C:\Users\mesut\MPLABXProjects\Lab08.X\main.asm
                   _ELSE2   0x00001d    program     static C:\Users\mesut\MPLABXProjects\Lab08.X\main.asm
                   _WHILE   0x00000b    program     static C:\Users\mesut\MPLABXProjects\Lab08.X\main.asm



                              Symbols - Sorted by Address
                     Name    Address   Location    Storage File                     
                ---------  ---------  ---------  --------- ---------                
         Increment_Button   0x00000b    program     static C:\Users\mesut\MPLABXProjects\Lab08.X\main.asm
                   _WHILE   0x00000b    program     static C:\Users\mesut\MPLABXProjects\Lab08.X\main.asm
                    _ELSE   0x000013    program     static C:\Users\mesut\MPLABXProjects\Lab08.X\main.asm
         Decrement_Button   0x000014    program     static C:\Users\mesut\MPLABXProjects\Lab08.X\main.asm
                   _ELSE2   0x00001d    program     static C:\Users\mesut\MPLABXProjects\Lab08.X\main.asm
             Reset_Button   0x00001e    program     static C:\Users\mesut\MPLABXProjects\Lab08.X\main.asm
           Next_Statement   0x000021    program     static C:\Users\mesut\MPLABXProjects\Lab08.X\main.asm
              Delay_100ms   0x000026    program     static C:\Users\mesut\MPLABXProjects\Lab08.X\main.asm
                END_WHILE   0x000026    program     static C:\Users\mesut\MPLABXProjects\Lab08.X\main.asm
     Delay100ms_OuterLoop   0x000028    program     static C:\Users\mesut\MPLABXProjects\Lab08.X\main.asm
     Delay100ms_InnerLoop   0x00002a    program     static C:\Users\mesut\MPLABXProjects\Lab08.X\main.asm
                  GetCode   0x000030    program     static C:\Users\mesut\MPLABXProjects\Lab08.X\main.asm
                     LOOP   0x000041    program     static C:\Users\mesut\MPLABXProjects\Lab08.X\main.asm
             _.org_0_0041   0x000041    program     static C:\Users\mesut\MPLABXProjects\Lab08.X\main.asm


