MPLINK 5.09, LINKER
Linker Map File - Created Thu Dec 16 21:56:35 2021

                                 Section Info
                  Section       Type    Address   Location Size(Bytes)
                ---------  ---------  ---------  ---------  ---------
                   .org_0       code   0x000000    program   0x0000a8
                   .cinit    romdata   0x000054    program   0x000004
.config_2007_BUILD/DEFAULT/PRODUCTION/MAIN.O       code   0x002007    program   0x000002



                              Program Memory Usage 
                               Start         End      
                           ---------   ---------      
                            0x000000    0x000055      
                            0x002007    0x002007      
            87 out of 8454 program addresses used, program memory utilization is 1%



                              Symbols - Sorted by Name
                     Name    Address   Location    Storage File                     
                ---------  ---------  ---------  --------- ---------                
                    Delay   0x000039    program     static C:\Users\mesut\MPLABXProjects\Lab05.X\main.asm
               Delay250ms   0x000049    program     static C:\Users\mesut\MPLABXProjects\Lab05.X\main.asm
     Delay250ms_InnerLoop   0x00004d    program     static C:\Users\mesut\MPLABXProjects\Lab05.X\main.asm
     Delay250ms_OuterLoop   0x00004b    program     static C:\Users\mesut\MPLABXProjects\Lab05.X\main.asm
               Delay500ms   0x00003b    program     static C:\Users\mesut\MPLABXProjects\Lab05.X\main.asm
   Delay500ms_Loop1_Begin   0x00003d    program     static C:\Users\mesut\MPLABXProjects\Lab05.X\main.asm
   Delay500ms_Loop2_Begin   0x00003f    program     static C:\Users\mesut\MPLABXProjects\Lab05.X\main.asm
   Delay500ms_Loop3_Begin   0x000041    program     static C:\Users\mesut\MPLABXProjects\Lab05.X\main.asm
                     LOOP   0x000053    program     static C:\Users\mesut\MPLABXProjects\Lab05.X\main.asm
             _.org_0_0053   0x000053    program     static C:\Users\mesut\MPLABXProjects\Lab05.X\main.asm
                    _ELSE   0x000029    program     static C:\Users\mesut\MPLABXProjects\Lab05.X\main.asm
                      _IF   0x000010    program     static C:\Users\mesut\MPLABXProjects\Lab05.X\main.asm
                   _WHILE   0x00000c    program     static C:\Users\mesut\MPLABXProjects\Lab05.X\main.asm
                    _else   0x000036    program     static C:\Users\mesut\MPLABXProjects\Lab05.X\main.asm
                      _if   0x00002f    program     static C:\Users\mesut\MPLABXProjects\Lab05.X\main.asm



                              Symbols - Sorted by Address
                     Name    Address   Location    Storage File                     
                ---------  ---------  ---------  --------- ---------                
                   _WHILE   0x00000c    program     static C:\Users\mesut\MPLABXProjects\Lab05.X\main.asm
                      _IF   0x000010    program     static C:\Users\mesut\MPLABXProjects\Lab05.X\main.asm
                    _ELSE   0x000029    program     static C:\Users\mesut\MPLABXProjects\Lab05.X\main.asm
                      _if   0x00002f    program     static C:\Users\mesut\MPLABXProjects\Lab05.X\main.asm
                    _else   0x000036    program     static C:\Users\mesut\MPLABXProjects\Lab05.X\main.asm
                    Delay   0x000039    program     static C:\Users\mesut\MPLABXProjects\Lab05.X\main.asm
               Delay500ms   0x00003b    program     static C:\Users\mesut\MPLABXProjects\Lab05.X\main.asm
   Delay500ms_Loop1_Begin   0x00003d    program     static C:\Users\mesut\MPLABXProjects\Lab05.X\main.asm
   Delay500ms_Loop2_Begin   0x00003f    program     static C:\Users\mesut\MPLABXProjects\Lab05.X\main.asm
   Delay500ms_Loop3_Begin   0x000041    program     static C:\Users\mesut\MPLABXProjects\Lab05.X\main.asm
               Delay250ms   0x000049    program     static C:\Users\mesut\MPLABXProjects\Lab05.X\main.asm
     Delay250ms_OuterLoop   0x00004b    program     static C:\Users\mesut\MPLABXProjects\Lab05.X\main.asm
     Delay250ms_InnerLoop   0x00004d    program     static C:\Users\mesut\MPLABXProjects\Lab05.X\main.asm
                     LOOP   0x000053    program     static C:\Users\mesut\MPLABXProjects\Lab05.X\main.asm
             _.org_0_0053   0x000053    program     static C:\Users\mesut\MPLABXProjects\Lab05.X\main.asm


