MPLINK 5.09, LINKER
Linker Map File - Created Thu Dec 09 18:51:11 2021

                                 Section Info
                  Section       Type    Address   Location Size(Bytes)
                ---------  ---------  ---------  ---------  ---------
                   .org_0       code   0x000000    program   0x000116
                   .cinit    romdata   0x00008b    program   0x000004
.config_2007_BUILD/DEFAULT/PRODUCTION/MAIN.O       code   0x002007    program   0x000002



                              Program Memory Usage 
                               Start         End      
                           ---------   ---------      
                            0x000000    0x00008c      
                            0x002007    0x002007      
            142 out of 8454 program addresses used, program memory utilization is 1%



                              Symbols - Sorted by Name
                     Name    Address   Location    Storage File                     
                ---------  ---------  ---------  --------- ---------                
               AddNumbers   0x000059    program     static C:\Users\mesut\MPLABXProjects\Lab04.X\main.asm
          BUSY_LOOP_BEGIN   0x00006f    program     static C:\Users\mesut\MPLABXProjects\Lab04.X\main.asm
         BUSY_LOOP_BEGIN2   0x00007d    program     static C:\Users\mesut\MPLABXProjects\Lab04.X\main.asm
               Delay250ms   0x000080    program     static C:\Users\mesut\MPLABXProjects\Lab04.X\main.asm
     Delay250ms_InnerLoop   0x000084    program     static C:\Users\mesut\MPLABXProjects\Lab04.X\main.asm
     Delay250ms_OuterLoop   0x000082    program     static C:\Users\mesut\MPLABXProjects\Lab04.X\main.asm
           DisplayNumbers   0x000068    program     static C:\Users\mesut\MPLABXProjects\Lab04.X\main.asm
             Division_End   0x00004d    program     static C:\Users\mesut\MPLABXProjects\Lab04.X\main.asm
            Division_Loop   0x000046    program     static C:\Users\mesut\MPLABXProjects\Lab04.X\main.asm
               ELSE_LABEL   0x000042    program     static C:\Users\mesut\MPLABXProjects\Lab04.X\main.asm
                 END_LOOP   0x000057    program     static C:\Users\mesut\MPLABXProjects\Lab04.X\main.asm
          GenerateNumbers   0x000024    program     static C:\Users\mesut\MPLABXProjects\Lab04.X\main.asm
               Loop_Begin   0x00005d    program     static C:\Users\mesut\MPLABXProjects\Lab04.X\main.asm
              Loop_Begin2   0x000074    program     static C:\Users\mesut\MPLABXProjects\Lab04.X\main.asm
                 Loop_End   0x000066    program     static C:\Users\mesut\MPLABXProjects\Lab04.X\main.asm
                Loop_End2   0x000080    program     static C:\Users\mesut\MPLABXProjects\Lab04.X\main.asm
                 Multiply   0x00000b    program     static C:\Users\mesut\MPLABXProjects\Lab04.X\main.asm
            Multiply_Loop   0x000015    program     static C:\Users\mesut\MPLABXProjects\Lab04.X\main.asm
              START_WHILE   0x000025    program     static C:\Users\mesut\MPLABXProjects\Lab04.X\main.asm
             _.org_0_008A   0x00008a    program     static C:\Users\mesut\MPLABXProjects\Lab04.X\main.asm



                              Symbols - Sorted by Address
                     Name    Address   Location    Storage File                     
                ---------  ---------  ---------  --------- ---------                
                 Multiply   0x00000b    program     static C:\Users\mesut\MPLABXProjects\Lab04.X\main.asm
            Multiply_Loop   0x000015    program     static C:\Users\mesut\MPLABXProjects\Lab04.X\main.asm
          GenerateNumbers   0x000024    program     static C:\Users\mesut\MPLABXProjects\Lab04.X\main.asm
              START_WHILE   0x000025    program     static C:\Users\mesut\MPLABXProjects\Lab04.X\main.asm
               ELSE_LABEL   0x000042    program     static C:\Users\mesut\MPLABXProjects\Lab04.X\main.asm
            Division_Loop   0x000046    program     static C:\Users\mesut\MPLABXProjects\Lab04.X\main.asm
             Division_End   0x00004d    program     static C:\Users\mesut\MPLABXProjects\Lab04.X\main.asm
                 END_LOOP   0x000057    program     static C:\Users\mesut\MPLABXProjects\Lab04.X\main.asm
               AddNumbers   0x000059    program     static C:\Users\mesut\MPLABXProjects\Lab04.X\main.asm
               Loop_Begin   0x00005d    program     static C:\Users\mesut\MPLABXProjects\Lab04.X\main.asm
                 Loop_End   0x000066    program     static C:\Users\mesut\MPLABXProjects\Lab04.X\main.asm
           DisplayNumbers   0x000068    program     static C:\Users\mesut\MPLABXProjects\Lab04.X\main.asm
          BUSY_LOOP_BEGIN   0x00006f    program     static C:\Users\mesut\MPLABXProjects\Lab04.X\main.asm
              Loop_Begin2   0x000074    program     static C:\Users\mesut\MPLABXProjects\Lab04.X\main.asm
         BUSY_LOOP_BEGIN2   0x00007d    program     static C:\Users\mesut\MPLABXProjects\Lab04.X\main.asm
               Delay250ms   0x000080    program     static C:\Users\mesut\MPLABXProjects\Lab04.X\main.asm
                Loop_End2   0x000080    program     static C:\Users\mesut\MPLABXProjects\Lab04.X\main.asm
     Delay250ms_OuterLoop   0x000082    program     static C:\Users\mesut\MPLABXProjects\Lab04.X\main.asm
     Delay250ms_InnerLoop   0x000084    program     static C:\Users\mesut\MPLABXProjects\Lab04.X\main.asm
             _.org_0_008A   0x00008a    program     static C:\Users\mesut\MPLABXProjects\Lab04.X\main.asm


